// Jest Snapshot v1, https://goo.gl/fbAQLP

exports[`<Toggle /> should contain default text 1`] = `
.c0 {
  line-height: 1em;
  background-color: transparent;
  border-style: none;
}

<select
  class="c0"
>
  <option
    value="en"
  >
    someContent
  </option>
  <option
    value="de"
  >
    someOtherContent
  </option>
</select>
`;
