// Jest Snapshot v1, https://goo.gl/fbAQLP

exports[`<RealTimeChat /> Should render and match the snapshot 1`] = `
<div>
  <div
    class="StyledRealTimeChat-sc-1iv8eur-0 ecjmtr"
  >
    <div
      class="searchContainer"
    >
      <div
        class="ant-select ant-select-auto-complete ant-select-single ant-select-allow-clear ant-select-show-search"
      >
        <div
          class="ant-select-selector"
        >
          <span
            class="ant-select-selection-search"
          >
            <input
              aria-activedescendant="rc_select_TEST_OR_SSR_list_0"
              aria-autocomplete="list"
              aria-controls="rc_select_TEST_OR_SSR_list"
              aria-haspopup="listbox"
              aria-owns="rc_select_TEST_OR_SSR_list"
              autocomplete="off"
              class="ant-select-selection-search-input"
              id="rc_select_TEST_OR_SSR"
              role="combobox"
              type="search"
              value=""
            />
          </span>
          <span
            class="ant-select-selection-placeholder"
          >
            Search Users
          </span>
        </div>
      </div>
    </div>
    <div
      class="StyledRealTimeChat__ChatContainer-sc-1iv8eur-1 jlbzAe"
    >
      <div
        class="StyledChatList-z2vxes-0 dxvqQA"
      >
        <div
          class="StyledChatList__ChatListContainer-z2vxes-1 eECGnF"
        >
          <div
            class="demo-infinite-container"
          >
            <div>
              <div
                class="ant-list ant-list-split"
              >
                <div
                  class="ant-spin-nested-loading"
                >
                  <div
                    class="ant-spin-container"
                  >
                    <div
                      class="ant-list-empty-text"
                    >
                      <div
                        class="ant-empty ant-empty-normal"
                      >
                        <div
                          class="ant-empty-image"
                        >
                          <svg
                            class="ant-empty-img-simple"
                            height="41"
                            viewBox="0 0 64 41"
                            width="64"
                            xmlns="http://www.w3.org/2000/svg"
                          >
                            <g
                              fill="none"
                              fill-rule="evenodd"
                              transform="translate(0 1)"
                            >
                              <ellipse
                                class="ant-empty-img-simple-ellipse"
                                cx="32"
                                cy="33"
                                rx="32"
                                ry="7"
                              />
                              <g
                                class="ant-empty-img-simple-g"
                                fill-rule="nonzero"
                              >
                                <path
                                  d="M55 12.76L44.854 1.258C44.367.474 43.656 0 42.907 0H21.093c-.749 0-1.46.474-1.947 1.257L9 12.761V22h46v-9.24z"
                                />
                                <path
                                  class="ant-empty-img-simple-path"
                                  d="M41.613 15.931c0-1.605.994-2.93 2.227-2.931H55v18.137C55 33.26 53.68 35 52.05 35h-40.1C10.32 35 9 33.259 9 31.137V13h11.16c1.233 0 2.227 1.323 2.227 2.928v.022c0 1.605 1.005 2.901 2.237 2.901h14.752c1.232 0 2.237-1.308 2.237-2.913v-.007z"
                                />
                              </g>
                            </g>
                          </svg>
                        </div>
                        <div
                          class="ant-empty-description"
                        >
                          No Data
                        </div>
                      </div>
                    </div>
                  </div>
                </div>
              </div>
            </div>
          </div>
        </div>
      </div>
      <div
        class="StyledChatRoom-sc-1u84jil-0 cEReyG"
      >
        <div
          class="chatRoomContainer"
        >
          <div
            class="chatRoomHeader"
          >
            <p />
            <span
              aria-label="close"
              class="anticon anticon-close"
              role="img"
              tabindex="-1"
            >
              <svg
                aria-hidden="true"
                data-icon="close"
                fill="currentColor"
                focusable="false"
                height="1em"
                viewBox="64 64 896 896"
                width="1em"
              >
                <path
                  d="M563.8 512l262.5-312.9c4.4-5.2.7-13.1-6.1-13.1h-79.8c-4.7 0-9.2 2.1-12.3 5.7L511.6 449.8 295.1 191.7c-3-3.6-7.5-5.7-12.3-5.7H203c-6.8 0-10.5 7.9-6.1 13.1L459.4 512 196.9 824.9A7.95 7.95 0 00203 838h79.8c4.7 0 9.2-2.1 12.3-5.7l216.5-258.1 216.5 258.1c3 3.6 7.5 5.7 12.3 5.7h79.8c6.8 0 10.5-7.9 6.1-13.1L563.8 512z"
                />
              </svg>
            </span>
          </div>
          <div
            class="messageContainer"
          />
          <div
            class="sendMessageContainer"
          >
            <form
              class="ant-form ant-form-horizontal messageInput"
            >
              <div
                class="ant-row ant-form-item"
              >
                <div
                  class="ant-col ant-form-item-control"
                >
                  <div
                    class="ant-form-item-control-input"
                  >
                    <div
                      class="ant-form-item-control-input-content"
                    >
                      <input
                        class="ant-input"
                        placeholder="Enter Your Message"
                        type="text"
                        value=""
                      />
                    </div>
                  </div>
                </div>
              </div>
              <button
                class="ant-btn ant-btn-primary"
                type="submit"
              >
                <span>
                  Send
                </span>
              </button>
            </form>
          </div>
        </div>
      </div>
    </div>
  </div>
</div>
`;
