// Jest Snapshot v1, https://goo.gl/fbAQLP

exports[`<RepoListItem /> should render a ListItem 1`] = `
.c1 {
  display: -webkit-box;
  display: -webkit-flex;
  display: -ms-flexbox;
  display: flex;
  -webkit-box-pack: justify;
  -webkit-justify-content: space-between;
  -ms-flex-pack: justify;
  justify-content: space-between;
  width: 100%;
  height: 100%;
  -webkit-align-items: center;
  -webkit-box-align: center;
  -ms-flex-align: center;
  align-items: center;
}

.c0 {
  width: 100%;
  height: 3em;
  display: -webkit-box;
  display: -webkit-flex;
  display: -ms-flexbox;
  display: flex;
  -webkit-align-items: center;
  -webkit-box-align: center;
  -ms-flex-align: center;
  align-items: center;
  position: relative;
  border-top: 1px solid #eee;
}

.c0:first-child {
  border-top: none;
}

.c5 {
  fill: #ccc;
  margin-right: 0.25em;
}

.c4 {
  height: 100%;
  color: black;
  display: -webkit-box;
  display: -webkit-flex;
  display: -ms-flexbox;
  display: flex;
  -webkit-align-items: center;
  -webkit-box-align: center;
  -ms-flex-align: center;
  align-items: center;
  -webkit-box-pack: center;
  -webkit-justify-content: center;
  -ms-flex-pack: center;
  justify-content: center;
  white-space: nowrap;
}

.c3 {
  height: 100%;
  color: black;
  display: -webkit-box;
  display: -webkit-flex;
  display: -ms-flexbox;
  display: flex;
  -webkit-align-items: center;
  -webkit-box-align: center;
  -ms-flex-align: center;
  align-items: center;
  width: 100%;
}

.c2 {
  width: 100%;
  height: 100%;
  display: -webkit-box;
  display: -webkit-flex;
  display: -ms-flexbox;
  display: flex;
  -webkit-align-items: space-between;
  -webkit-box-align: space-between;
  -ms-flex-align: space-between;
  align-items: space-between;
}

<li
  class="c0"
>
  <div
    class="c1"
  >
    <div
      class="c2"
    >
      <a
        class="c3"
        href="https://github.com/react-boilerplate/react-boilerplate"
        target="_blank"
      >
        mxstbr/react-boilerplate
      </a>
      <a
        class="c4"
        href="https://github.com/react-boilerplate/react-boilerplate/issues"
        target="_blank"
      >
        <svg
          class="c5"
          height="1em"
          width="0.875em"
        >
          <path
            d="M7 2.3c3.14 0 5.7 2.56 5.7 5.7S10.14 13.7 7 13.7 1.3 11.14 1.3 8s2.56-5.7 5.7-5.7m0-1.3C3.14 1 0 4.14 0 8s3.14 7 7 7 7-3.14 7-7S10.86 1 7 1z m1 3H6v5h2V4z m0 6H6v2h2V10z"
          />
        </svg>
        <span>
          20
        </span>
      </a>
    </div>
  </div>
</li>
`;
