// Jest Snapshot v1, https://goo.gl/fbAQLP

exports[`<OtpComponent /> Should render and match the snapshot 1`] = `
.c0 {
  width: 50%;
  display: -webkit-box;
  display: -webkit-flex;
  display: -ms-flexbox;
  display: flex;
  -webkit-flex-wrap: wrap;
  -ms-flex-wrap: wrap;
  flex-wrap: wrap;
  -webkit-box-pack: center;
  -webkit-justify-content: center;
  -ms-flex-pack: center;
  justify-content: center;
  -webkit-align-items: center;
  -webkit-box-align: center;
  -ms-flex-align: center;
  align-items: center;
}

.c0 .otpComponentContainerStyle {
  width: 100%;
}

.c0 .otpComponentInputStyle {
  color: #4d186e;
  border: 1px solid #d9d9d9;
  width: 100% !important;
  height: 40px;
  border-radius: 10px;
}

.c0 .otpComponentFocusStyle {
  border: 1px solid #4d186e;
  outline: none;
  border-radius: 10px;
}

.c0 .otpComponentDisabledStyle {
  background: #f5f5f5;
}

.c0 .otpComponentErrorStyle {
  border: 1px solid #ff0000;
}

<div
  class="c0"
>
  <div
    class="otpComponentContainerStyle"
    style="display: flex;"
  >
    <div
      style="display: flex; align-items: center;"
    >
      <input
        aria-label="Please enter verification code. Digit 1"
        autocomplete="off"
        class="otpComponentInputStyle otpComponentFocusStyle"
        maxlength="1"
        placeholder="0"
        style="width: 1em; text-align: center;"
        type="tel"
        value=""
      />
      <span>
        -
      </span>
    </div>
    <div
      style="display: flex; align-items: center;"
    >
      <input
        aria-label="Digit 2"
        autocomplete="off"
        class="otpComponentInputStyle"
        maxlength="1"
        placeholder="0"
        style="width: 1em; text-align: center;"
        type="tel"
        value=""
      />
      <span>
        -
      </span>
    </div>
    <div
      style="display: flex; align-items: center;"
    >
      <input
        aria-label="Digit 3"
        autocomplete="off"
        class="otpComponentInputStyle"
        maxlength="1"
        placeholder="0"
        style="width: 1em; text-align: center;"
        type="tel"
        value=""
      />
      <span>
        -
      </span>
    </div>
    <div
      style="display: flex; align-items: center;"
    >
      <input
        aria-label="Digit 4"
        autocomplete="off"
        class="otpComponentInputStyle"
        maxlength="1"
        placeholder="0"
        style="width: 1em; text-align: center;"
        type="tel"
        value=""
      />
      <span>
        -
      </span>
    </div>
    <div
      style="display: flex; align-items: center;"
    >
      <input
        aria-label="Digit 5"
        autocomplete="off"
        class="otpComponentInputStyle"
        maxlength="1"
        placeholder="0"
        style="width: 1em; text-align: center;"
        type="tel"
        value=""
      />
      <span>
        -
      </span>
    </div>
    <div
      style="display: flex; align-items: center;"
    >
      <input
        aria-label="Digit 6"
        autocomplete="off"
        class="otpComponentInputStyle"
        maxlength="1"
        placeholder="0"
        style="width: 1em; text-align: center;"
        type="tel"
        value=""
      />
    </div>
  </div>
</div>
`;
