// Jest Snapshot v1, https://goo.gl/fbAQLP

exports[`<FeaturePage /> should render its heading 1`] = `
.c0 {
  overflow: hidden;
}

.c0 p {
  margin-bottom: 30px;
}

.c0 div {
  box-shadow: 0 0 3px #f0f2f5;
  background: #f0f2f5;
  border-radius: 20px;
  overflow: auto;
  height: calc(100vh - 120px);
  padding: 12px;
}

.c0 h1 {
  color: #4d186e;
}

.c0 h2,
.c0 ol {
  display: none;
}

.c0 table {
  margin: 10px;
  overflow: hidden;
}

.c0 table th {
  font-size: 16px;
  color: #4d186e;
  display: none;
}

.c0 table tr:not(:first-child) {
  border-bottom: 2px solid #808080;
}

.c0 table td:first-child {
  border-right: 2px solid #808080;
}

.c0 table td {
  padding: 12px 13px;
  font-size: 15px;
  font-weight: bold;
}

<div
  class="c0"
>
  IMAGE_MOCK
</div>
`;
