// Jest Snapshot v1, https://goo.gl/fbAQLP

exports[`<App /> should render and match the snapshot 1`] = `
<ForwardRef
  data-testid="AppRoutes"
>
  <HelmetWrapper
    defaultTitle="React.js Boilerplate"
    defer={true}
    encodeSpecialCharacters={true}
    titleTemplate="%s - React.js Boilerplate"
  >
    <meta
      content="A React.js Boilerplate application"
      name="description"
    />
    <link
      href="IMAGE_MOCK"
      rel="icon"
      sizes="512x512"
      type="image/png"
    />
    <link
      href="IMAGE_MOCK"
      rel="icon"
      sizes="192x192"
      type="image/png"
    />
    <link
      href="IMAGE_MOCK"
      rel="icon"
      sizes="32x32"
      type="image/png"
    />
    <link
      href="IMAGE_MOCK"
      rel="icon"
      sizes="16x16"
      type="image/png"
    />
    <link
      href="IMAGE_MOCK"
      rel="apple-touch-icon"
    />
  </HelmetWrapper>
  <Switch>
    <PrivateRoute
      component={[Function]}
      exact={true}
      path="/"
    />
    <PrivateRoute
      component={[Function]}
      path="/github-search"
    />
    <PrivateRoute
      component={[Function]}
      path="/profile"
    />
    <PrivateRoute
      component={[Function]}
      path="/logout"
    />
    <PrivateRoute
      component={[Function]}
      path="/loader"
    />
    <PrivateRoute
      component={[Function]}
      path="/export-data"
    />
    <PrivateRoute
      component={[Function]}
      path="/users"
    />
    <PrivateRoute
      component={[Function]}
      path="/charts"
    />
    <PrivateRoute
      component={[Function]}
      path="/products"
    />
    <PrivateRoute
      component={[Function]}
      path="/multi-tab-support"
    />
    <PrivateRoute
      component={[Function]}
      path="/change-password"
    />
    <withRouter(RoleMiddleWare)
      component={[Function]}
      path="/admin"
      showError={true}
    />
    <PrivateRoute
      component={[Function]}
      path="/sample-form"
    />
    <PrivateRoute
      component={[Function]}
      path="/number-converter-demo"
    />
    <AuthRoute
      component={[Function]}
      exact={true}
      path="/login"
    />
    <AuthRoute
      component={[Function]}
      exact={true}
      path="/two-factor-authentication"
    />
    <AuthRoute
      component={[Function]}
      exact={true}
      path="/register"
    />
    <AuthRoute
      component={[Function]}
      exact={true}
      path="/forgot-password"
    />
    <Route
      component={[Function]}
      exact={true}
      path="/403"
    />
    <Route
      component={[Function]}
      path=""
    />
  </Switch>
  <GlobalStyleComponent />
</ForwardRef>
`;
