// Jest Snapshot v1, https://goo.gl/fbAQLP

exports[`<MainLayout /> should render and match the snapshot 1`] = `null`;
