// Jest Snapshot v1, https://goo.gl/fbAQLP

exports[`<Cart /> should render a div 1`] = `null`;
