// Jest Snapshot v1, https://goo.gl/fbAQLP

exports[`<Footer /> should render and match the snapshot 1`] = `
.c2 {
  line-height: 1em;
  background-color: transparent;
  border-style: none;
}

.c1 {
  padding: 2px;
}

.c0 {
  display: -webkit-box;
  display: -webkit-flex;
  display: -ms-flexbox;
  display: flex;
  -webkit-flex-wrap: wrap;
  -ms-flex-wrap: wrap;
  flex-wrap: wrap;
  background: #fff;
  -webkit-box-pack: justify;
  -webkit-justify-content: space-between;
  -ms-flex-pack: justify;
  justify-content: space-between;
  -webkit-align-items: center;
  -webkit-box-align: center;
  -ms-flex-align: center;
  align-items: center;
  font-size: 14px;
  color: #000;
  padding: 8px 0;
  font-weight: 700;
}

.c0 > section:first-child {
  margin-left: 8px;
}

.c0 > section:nth-child(2) {
  margin-right: 8px;
}

.c0 > section:nth-child(2) option {
  color: #000;
}

@media only screen and (max-width:767px) {
  .c0 > section:nth-child(2) {
    margin-top: 12px;
  }
}

<footer
  className="c0"
>
  <section>
    <span
      dangerouslySetInnerHTML={
        Object {
          "__html": "&copy; 2021 React Boilerplate",
        }
      }
    />
    <section>
      <span
        dangerouslySetInnerHTML={
          Object {
            "__html": "Get started with your next react application in seconds.",
          }
        }
      />
    </section>
  </section>
  <section>
    <div
      className="c1"
    >
      <select
        className="c2"
        onChange={[Function]}
        value="en"
      >
        <option
          value="en"
        >
          en
        </option>
        <option
          value="de"
        >
          de
        </option>
      </select>
    </div>
  </section>
</footer>
`;
