// Jest Snapshot v1, https://goo.gl/fbAQLP

exports[`<ReposList /> should render the loading indicator when its loading 1`] = `
.c1 {
  list-style: none;
  margin: 0;
  width: 100%;
  max-height: 30em;
  overflow-y: auto;
  padding: 0 1em;
}

.c0 {
  padding: 0;
  margin: 0;
  width: 100%;
  background-color: white;
  border: 1px solid #ccc;
  border-radius: 3px;
  overflow: hidden;
}

.c2 {
  margin: 2em auto;
  width: 40px;
  height: 40px;
  position: relative;
}

.c3 {
  width: 100%;
  height: 100%;
  position: absolute;
  left: 0;
  top: 0;
}

.c3:before {
  content: '';
  display: block;
  margin: 0 auto;
  width: 15%;
  height: 15%;
  background-color: #999;
  border-radius: 100%;
  -webkit-animation: evVlQQ 1.3s infinite ease-in-out both;
  animation: evVlQQ 1.3s infinite ease-in-out both;
}

.c4 {
  width: 100%;
  height: 100%;
  position: absolute;
  left: 0;
  top: 0;
  -webkit-transform: rotate(30deg);
  -ms-transform: rotate(30deg);
  -webkit-transform: rotate(30deg);
  -ms-transform: rotate(30deg);
  transform: rotate(30deg);
}

.c4:before {
  content: '';
  display: block;
  margin: 0 auto;
  width: 15%;
  height: 15%;
  background-color: #999;
  border-radius: 100%;
  -webkit-animation: evVlQQ 1.3s infinite ease-in-out both;
  animation: evVlQQ 1.3s infinite ease-in-out both;
  -webkit-animation-delay: -1.1s;
  -webkit-animation-delay: -1.1s;
  animation-delay: -1.1s;
}

.c5 {
  width: 100%;
  height: 100%;
  position: absolute;
  left: 0;
  top: 0;
  -webkit-transform: rotate(60deg);
  -ms-transform: rotate(60deg);
  -webkit-transform: rotate(60deg);
  -ms-transform: rotate(60deg);
  transform: rotate(60deg);
}

.c5:before {
  content: '';
  display: block;
  margin: 0 auto;
  width: 15%;
  height: 15%;
  background-color: #999;
  border-radius: 100%;
  -webkit-animation: evVlQQ 1.3s infinite ease-in-out both;
  animation: evVlQQ 1.3s infinite ease-in-out both;
  -webkit-animation-delay: -1s;
  -webkit-animation-delay: -1s;
  animation-delay: -1s;
}

.c6 {
  width: 100%;
  height: 100%;
  position: absolute;
  left: 0;
  top: 0;
  -webkit-transform: rotate(90deg);
  -ms-transform: rotate(90deg);
  -webkit-transform: rotate(90deg);
  -ms-transform: rotate(90deg);
  transform: rotate(90deg);
}

.c6:before {
  content: '';
  display: block;
  margin: 0 auto;
  width: 15%;
  height: 15%;
  background-color: #999;
  border-radius: 100%;
  -webkit-animation: evVlQQ 1.3s infinite ease-in-out both;
  animation: evVlQQ 1.3s infinite ease-in-out both;
  -webkit-animation-delay: -0.9s;
  -webkit-animation-delay: -0.9s;
  animation-delay: -0.9s;
}

.c7 {
  width: 100%;
  height: 100%;
  position: absolute;
  left: 0;
  top: 0;
  -webkit-transform: rotate(120deg);
  -ms-transform: rotate(120deg);
  -webkit-transform: rotate(120deg);
  -ms-transform: rotate(120deg);
  transform: rotate(120deg);
}

.c7:before {
  content: '';
  display: block;
  margin: 0 auto;
  width: 15%;
  height: 15%;
  background-color: #999;
  border-radius: 100%;
  -webkit-animation: evVlQQ 1.3s infinite ease-in-out both;
  animation: evVlQQ 1.3s infinite ease-in-out both;
  -webkit-animation-delay: -0.8s;
  -webkit-animation-delay: -0.8s;
  animation-delay: -0.8s;
}

.c8 {
  width: 100%;
  height: 100%;
  position: absolute;
  left: 0;
  top: 0;
  -webkit-transform: rotate(150deg);
  -ms-transform: rotate(150deg);
  -webkit-transform: rotate(150deg);
  -ms-transform: rotate(150deg);
  transform: rotate(150deg);
}

.c8:before {
  content: '';
  display: block;
  margin: 0 auto;
  width: 15%;
  height: 15%;
  background-color: #999;
  border-radius: 100%;
  -webkit-animation: evVlQQ 1.3s infinite ease-in-out both;
  animation: evVlQQ 1.3s infinite ease-in-out both;
  -webkit-animation-delay: -0.7s;
  -webkit-animation-delay: -0.7s;
  animation-delay: -0.7s;
}

.c9 {
  width: 100%;
  height: 100%;
  position: absolute;
  left: 0;
  top: 0;
  -webkit-transform: rotate(180deg);
  -ms-transform: rotate(180deg);
  -webkit-transform: rotate(180deg);
  -ms-transform: rotate(180deg);
  transform: rotate(180deg);
}

.c9:before {
  content: '';
  display: block;
  margin: 0 auto;
  width: 15%;
  height: 15%;
  background-color: #999;
  border-radius: 100%;
  -webkit-animation: evVlQQ 1.3s infinite ease-in-out both;
  animation: evVlQQ 1.3s infinite ease-in-out both;
  -webkit-animation-delay: -0.6s;
  -webkit-animation-delay: -0.6s;
  animation-delay: -0.6s;
}

.c10 {
  width: 100%;
  height: 100%;
  position: absolute;
  left: 0;
  top: 0;
  -webkit-transform: rotate(210deg);
  -ms-transform: rotate(210deg);
  -webkit-transform: rotate(210deg);
  -ms-transform: rotate(210deg);
  transform: rotate(210deg);
}

.c10:before {
  content: '';
  display: block;
  margin: 0 auto;
  width: 15%;
  height: 15%;
  background-color: #999;
  border-radius: 100%;
  -webkit-animation: evVlQQ 1.3s infinite ease-in-out both;
  animation: evVlQQ 1.3s infinite ease-in-out both;
  -webkit-animation-delay: -0.5s;
  -webkit-animation-delay: -0.5s;
  animation-delay: -0.5s;
}

.c11 {
  width: 100%;
  height: 100%;
  position: absolute;
  left: 0;
  top: 0;
  -webkit-transform: rotate(240deg);
  -ms-transform: rotate(240deg);
  -webkit-transform: rotate(240deg);
  -ms-transform: rotate(240deg);
  transform: rotate(240deg);
}

.c11:before {
  content: '';
  display: block;
  margin: 0 auto;
  width: 15%;
  height: 15%;
  background-color: #999;
  border-radius: 100%;
  -webkit-animation: evVlQQ 1.3s infinite ease-in-out both;
  animation: evVlQQ 1.3s infinite ease-in-out both;
  -webkit-animation-delay: -0.4s;
  -webkit-animation-delay: -0.4s;
  animation-delay: -0.4s;
}

.c12 {
  width: 100%;
  height: 100%;
  position: absolute;
  left: 0;
  top: 0;
  -webkit-transform: rotate(270deg);
  -ms-transform: rotate(270deg);
  -webkit-transform: rotate(270deg);
  -ms-transform: rotate(270deg);
  transform: rotate(270deg);
}

.c12:before {
  content: '';
  display: block;
  margin: 0 auto;
  width: 15%;
  height: 15%;
  background-color: #999;
  border-radius: 100%;
  -webkit-animation: evVlQQ 1.3s infinite ease-in-out both;
  animation: evVlQQ 1.3s infinite ease-in-out both;
  -webkit-animation-delay: -0.3s;
  -webkit-animation-delay: -0.3s;
  animation-delay: -0.3s;
}

.c13 {
  width: 100%;
  height: 100%;
  position: absolute;
  left: 0;
  top: 0;
  -webkit-transform: rotate(300deg);
  -ms-transform: rotate(300deg);
  -webkit-transform: rotate(300deg);
  -ms-transform: rotate(300deg);
  transform: rotate(300deg);
}

.c13:before {
  content: '';
  display: block;
  margin: 0 auto;
  width: 15%;
  height: 15%;
  background-color: #999;
  border-radius: 100%;
  -webkit-animation: evVlQQ 1.3s infinite ease-in-out both;
  animation: evVlQQ 1.3s infinite ease-in-out both;
  -webkit-animation-delay: -0.2s;
  -webkit-animation-delay: -0.2s;
  animation-delay: -0.2s;
}

.c14 {
  width: 100%;
  height: 100%;
  position: absolute;
  left: 0;
  top: 0;
  -webkit-transform: rotate(330deg);
  -ms-transform: rotate(330deg);
  -webkit-transform: rotate(330deg);
  -ms-transform: rotate(330deg);
  transform: rotate(330deg);
}

.c14:before {
  content: '';
  display: block;
  margin: 0 auto;
  width: 15%;
  height: 15%;
  background-color: #999;
  border-radius: 100%;
  -webkit-animation: evVlQQ 1.3s infinite ease-in-out both;
  animation: evVlQQ 1.3s infinite ease-in-out both;
  -webkit-animation-delay: -0.1s;
  -webkit-animation-delay: -0.1s;
  animation-delay: -0.1s;
}

<div
  class="c0"
>
  <ul
    class="c1"
  >
    <div
      class="c2"
    >
      <div
        class="c3"
      />
      <div
        class="c4"
      />
      <div
        class="c5"
      />
      <div
        class="c6"
      />
      <div
        class="c7"
      />
      <div
        class="c8"
      />
      <div
        class="c9"
      />
      <div
        class="c10"
      />
      <div
        class="c11"
      />
      <div
        class="c12"
      />
      <div
        class="c13"
      />
      <div
        class="c14"
      />
    </div>
  </ul>
</div>
`;

exports[`<ReposList /> should render the repositories if loading was successful 1`] = `
.c1 {
  list-style: none;
  margin: 0;
  width: 100%;
  max-height: 30em;
  overflow-y: auto;
  padding: 0 1em;
}

.c0 {
  padding: 0;
  margin: 0;
  width: 100%;
  background-color: white;
  border: 1px solid #ccc;
  border-radius: 3px;
  overflow: hidden;
}

.c3 {
  display: -webkit-box;
  display: -webkit-flex;
  display: -ms-flexbox;
  display: flex;
  -webkit-box-pack: justify;
  -webkit-justify-content: space-between;
  -ms-flex-pack: justify;
  justify-content: space-between;
  width: 100%;
  height: 100%;
  -webkit-align-items: center;
  -webkit-box-align: center;
  -ms-flex-align: center;
  align-items: center;
}

.c2 {
  width: 100%;
  height: 3em;
  display: -webkit-box;
  display: -webkit-flex;
  display: -ms-flexbox;
  display: flex;
  -webkit-align-items: center;
  -webkit-box-align: center;
  -ms-flex-align: center;
  align-items: center;
  position: relative;
  border-top: 1px solid #eee;
}

.c2:first-child {
  border-top: none;
}

.c7 {
  fill: #ccc;
  margin-right: 0.25em;
}

.c6 {
  height: 100%;
  color: black;
  display: -webkit-box;
  display: -webkit-flex;
  display: -ms-flexbox;
  display: flex;
  -webkit-align-items: center;
  -webkit-box-align: center;
  -ms-flex-align: center;
  align-items: center;
  -webkit-box-pack: center;
  -webkit-justify-content: center;
  -ms-flex-pack: center;
  justify-content: center;
  white-space: nowrap;
}

.c5 {
  height: 100%;
  color: black;
  display: -webkit-box;
  display: -webkit-flex;
  display: -ms-flexbox;
  display: flex;
  -webkit-align-items: center;
  -webkit-box-align: center;
  -ms-flex-align: center;
  align-items: center;
  width: 100%;
}

.c4 {
  width: 100%;
  height: 100%;
  display: -webkit-box;
  display: -webkit-flex;
  display: -ms-flexbox;
  display: flex;
  -webkit-align-items: space-between;
  -webkit-box-align: space-between;
  -ms-flex-align: space-between;
  align-items: space-between;
}

<div
  class="c0"
>
  <ul
    class="c1"
  >
    <li
      class="c2"
    >
      <div
        class="c3"
      >
        <div
          class="c4"
        >
          <a
            class="c5"
            href="https://github.com/react-boilerplate/react-boilerplate"
            target="_blank"
          >
            react-boilerplate
          </a>
          <a
            class="c6"
            href="https://github.com/react-boilerplate/react-boilerplate/issues"
            target="_blank"
          >
            <svg
              class="c7"
              height="1em"
              width="0.875em"
            >
              <path
                d="M7 2.3c3.14 0 5.7 2.56 5.7 5.7S10.14 13.7 7 13.7 1.3 11.14 1.3 8s2.56-5.7 5.7-5.7m0-1.3C3.14 1 0 4.14 0 8s3.14 7 7 7 7-3.14 7-7S10.86 1 7 1z m1 3H6v5h2V4z m0 6H6v2h2V10z"
              />
            </svg>
            <span>
              20
            </span>
          </a>
        </div>
      </div>
    </li>
  </ul>
</div>
`;
